// Jest Snapshot v1, https://goo.gl/fbAQLP

exports[`CardSingle component Should render match with snapshot. 1`] = `
<div>
  <a
    href="articles/22"
  >
    <div
      class="h-113 w-75 relative rounded-xl flex items-end justify-end bg-transparent p-2.5 hover:cursor-pointer xl:w-90"
    >
      <img
        alt="Go Home After Long Time"
        class="rounded-xl absolute"
        data-nimg="fill"
        decoding="async"
        loading="lazy"
        sizes="(max-width: 1279px) 300px, (min-width: 1280px) 360px"
        src="/_next/image?url=https%3A%2F%2Fimages.unsplash.com%2Fphoto-1716223996696-ad6252a7fe7c%3Fw%3D500%26auto%3Dformat%26fit%3Dcrop%26q%3D60%26ixlib%3Drb-4.0.3%26ixid%3DM3wxMjA3fDB8MHxwaG90by1yZWxhdGVkfDF8fHxlbnwwfHx8fHw%253D&w=3840&q=75"
        srcset="/_next/image?url=https%3A%2F%2Fimages.unsplash.com%2Fphoto-1716223996696-ad6252a7fe7c%3Fw%3D500%26auto%3Dformat%26fit%3Dcrop%26q%3D60%26ixlib%3Drb-4.0.3%26ixid%3DM3wxMjA3fDB8MHxwaG90by1yZWxhdGVkfDF8fHxlbnwwfHx8fHw%253D&w=16&q=75 16w, /_next/image?url=https%3A%2F%2Fimages.unsplash.com%2Fphoto-1716223996696-ad6252a7fe7c%3Fw%3D500%26auto%3Dformat%26fit%3Dcrop%26q%3D60%26ixlib%3Drb-4.0.3%26ixid%3DM3wxMjA3fDB8MHxwaG90by1yZWxhdGVkfDF8fHxlbnwwfHx8fHw%253D&w=32&q=75 32w, /_next/image?url=https%3A%2F%2Fimages.unsplash.com%2Fphoto-1716223996696-ad6252a7fe7c%3Fw%3D500%26auto%3Dformat%26fit%3Dcrop%26q%3D60%26ixlib%3Drb-4.0.3%26ixid%3DM3wxMjA3fDB8MHxwaG90by1yZWxhdGVkfDF8fHxlbnwwfHx8fHw%253D&w=48&q=75 48w, /_next/image?url=https%3A%2F%2Fimages.unsplash.com%2Fphoto-1716223996696-ad6252a7fe7c%3Fw%3D500%26auto%3Dformat%26fit%3Dcrop%26q%3D60%26ixlib%3Drb-4.0.3%26ixid%3DM3wxMjA3fDB8MHxwaG90by1yZWxhdGVkfDF8fHxlbnwwfHx8fHw%253D&w=64&q=75 64w, /_next/image?url=https%3A%2F%2Fimages.unsplash.com%2Fphoto-1716223996696-ad6252a7fe7c%3Fw%3D500%26auto%3Dformat%26fit%3Dcrop%26q%3D60%26ixlib%3Drb-4.0.3%26ixid%3DM3wxMjA3fDB8MHxwaG90by1yZWxhdGVkfDF8fHxlbnwwfHx8fHw%253D&w=96&q=75 96w, /_next/image?url=https%3A%2F%2Fimages.unsplash.com%2Fphoto-1716223996696-ad6252a7fe7c%3Fw%3D500%26auto%3Dformat%26fit%3Dcrop%26q%3D60%26ixlib%3Drb-4.0.3%26ixid%3DM3wxMjA3fDB8MHxwaG90by1yZWxhdGVkfDF8fHxlbnwwfHx8fHw%253D&w=128&q=75 128w, /_next/image?url=https%3A%2F%2Fimages.unsplash.com%2Fphoto-1716223996696-ad6252a7fe7c%3Fw%3D500%26auto%3Dformat%26fit%3Dcrop%26q%3D60%26ixlib%3Drb-4.0.3%26ixid%3DM3wxMjA3fDB8MHxwaG90by1yZWxhdGVkfDF8fHxlbnwwfHx8fHw%253D&w=256&q=75 256w, /_next/image?url=https%3A%2F%2Fimages.unsplash.com%2Fphoto-1716223996696-ad6252a7fe7c%3Fw%3D500%26auto%3Dformat%26fit%3Dcrop%26q%3D60%26ixlib%3Drb-4.0.3%26ixid%3DM3wxMjA3fDB8MHxwaG90by1yZWxhdGVkfDF8fHxlbnwwfHx8fHw%253D&w=384&q=75 384w, /_next/image?url=https%3A%2F%2Fimages.unsplash.com%2Fphoto-1716223996696-ad6252a7fe7c%3Fw%3D500%26auto%3Dformat%26fit%3Dcrop%26q%3D60%26ixlib%3Drb-4.0.3%26ixid%3DM3wxMjA3fDB8MHxwaG90by1yZWxhdGVkfDF8fHxlbnwwfHx8fHw%253D&w=640&q=75 640w, /_next/image?url=https%3A%2F%2Fimages.unsplash.com%2Fphoto-1716223996696-ad6252a7fe7c%3Fw%3D500%26auto%3Dformat%26fit%3Dcrop%26q%3D60%26ixlib%3Drb-4.0.3%26ixid%3DM3wxMjA3fDB8MHxwaG90by1yZWxhdGVkfDF8fHxlbnwwfHx8fHw%253D&w=750&q=75 750w, /_next/image?url=https%3A%2F%2Fimages.unsplash.com%2Fphoto-1716223996696-ad6252a7fe7c%3Fw%3D500%26auto%3Dformat%26fit%3Dcrop%26q%3D60%26ixlib%3Drb-4.0.3%26ixid%3DM3wxMjA3fDB8MHxwaG90by1yZWxhdGVkfDF8fHxlbnwwfHx8fHw%253D&w=828&q=75 828w, /_next/image?url=https%3A%2F%2Fimages.unsplash.com%2Fphoto-1716223996696-ad6252a7fe7c%3Fw%3D500%26auto%3Dformat%26fit%3Dcrop%26q%3D60%26ixlib%3Drb-4.0.3%26ixid%3DM3wxMjA3fDB8MHxwaG90by1yZWxhdGVkfDF8fHxlbnwwfHx8fHw%253D&w=1080&q=75 1080w, /_next/image?url=https%3A%2F%2Fimages.unsplash.com%2Fphoto-1716223996696-ad6252a7fe7c%3Fw%3D500%26auto%3Dformat%26fit%3Dcrop%26q%3D60%26ixlib%3Drb-4.0.3%26ixid%3DM3wxMjA3fDB8MHxwaG90by1yZWxhdGVkfDF8fHxlbnwwfHx8fHw%253D&w=1200&q=75 1200w, /_next/image?url=https%3A%2F%2Fimages.unsplash.com%2Fphoto-1716223996696-ad6252a7fe7c%3Fw%3D500%26auto%3Dformat%26fit%3Dcrop%26q%3D60%26ixlib%3Drb-4.0.3%26ixid%3DM3wxMjA3fDB8MHxwaG90by1yZWxhdGVkfDF8fHxlbnwwfHx8fHw%253D&w=1920&q=75 1920w, /_next/image?url=https%3A%2F%2Fimages.unsplash.com%2Fphoto-1716223996696-ad6252a7fe7c%3Fw%3D500%26auto%3Dformat%26fit%3Dcrop%26q%3D60%26ixlib%3Drb-4.0.3%26ixid%3DM3wxMjA3fDB8MHxwaG90by1yZWxhdGVkfDF8fHxlbnwwfHx8fHw%253D&w=2048&q=75 2048w, /_next/image?url=https%3A%2F%2Fimages.unsplash.com%2Fphoto-1716223996696-ad6252a7fe7c%3Fw%3D500%26auto%3Dformat%26fit%3Dcrop%26q%3D60%26ixlib%3Drb-4.0.3%26ixid%3DM3wxMjA3fDB8MHxwaG90by1yZWxhdGVkfDF8fHxlbnwwfHx8fHw%253D&w=3840&q=75 3840w"
        style="position: absolute; height: 100%; width: 100%; left: 0px; top: 0px; right: 0px; bottom: 0px; object-fit: cover; color: transparent;"
      />
      <div
        class="absolute left-[9px] p-4 w-[95%] bg-white-75 rounded-xl opacity-90"
      >
        <h2
          aria-level="2"
          class="text-lg font-normal text-black-100"
          role="heading"
        >
          Go Home After Long Time
        </h2>
        <h3
          aria-level="3"
          class="text-xsm font-light text-dark-100 h-10 w-82 leading-5 text-ellipsis overflow-hidden "
          role="heading"
        >
          Download torrents from verified or trusted uploaders. If you're a BitTorrent user looking for safety tips, use this method. Both of the big-name BitTorrent indexers (The Pirate Bay and KickAssTorrents) use symbols to highlight torrents uploaded by verified users.
        </h3>
      </div>
    </div>
  </a>
</div>
`;
