// Jest Snapshot v1, https://goo.gl/fbAQLP

exports[`BadgeGroupSkeleton component should render BadgeGroupSkeleton macth snapshot 1`] = `
<DocumentFragment>
  <div
    class="animate-pulse w-full mb-6"
  >
    <div
      class="flex w-1/2 gap-5 mx-auto"
    >
      <div
        class="h-10 w-1/3 bg-gray-300 rounded"
      />
      <div
        class="h-10 w-1/3 bg-gray-300 rounded"
      />
      <div
        class="h-10 w-1/3 bg-gray-300 rounded"
      />
    </div>
  </div>
</DocumentFragment>
`;
