// Jest Snapshot v1, https://goo.gl/fbAQLP

exports[`Comment component should render Comment macth snapshot 1`] = `
<DocumentFragment>
  <div
    class="bg-white-90 p-4 rounded-xl"
  >
    <div
      class="flex flex-1 px-1 mb-4"
    >
      <div
        style="width: 60px; height: 60px; position: relative;"
      >
        <img
          alt="Author this comment"
          class="rounded-xl"
          data-nimg="fill"
          decoding="async"
          loading="lazy"
          sizes="60px"
          src="/_next/image?url=%2Fimg.jpg&w=3840&q=75"
          srcset="/_next/image?url=%2Fimg.jpg&w=16&q=75 16w, /_next/image?url=%2Fimg.jpg&w=32&q=75 32w, /_next/image?url=%2Fimg.jpg&w=48&q=75 48w, /_next/image?url=%2Fimg.jpg&w=64&q=75 64w, /_next/image?url=%2Fimg.jpg&w=96&q=75 96w, /_next/image?url=%2Fimg.jpg&w=128&q=75 128w, /_next/image?url=%2Fimg.jpg&w=256&q=75 256w, /_next/image?url=%2Fimg.jpg&w=384&q=75 384w, /_next/image?url=%2Fimg.jpg&w=640&q=75 640w, /_next/image?url=%2Fimg.jpg&w=750&q=75 750w, /_next/image?url=%2Fimg.jpg&w=828&q=75 828w, /_next/image?url=%2Fimg.jpg&w=1080&q=75 1080w, /_next/image?url=%2Fimg.jpg&w=1200&q=75 1200w, /_next/image?url=%2Fimg.jpg&w=1920&q=75 1920w, /_next/image?url=%2Fimg.jpg&w=2048&q=75 2048w, /_next/image?url=%2Fimg.jpg&w=3840&q=75 3840w"
          style="position: absolute; height: 100%; width: 100%; left: 0px; top: 0px; right: 0px; bottom: 0px; object-fit: cover; color: transparent;"
        />
      </div>
      <div
        class="flex flex-1 items-center justify-between"
      >
        <div
          class="flex flex-1 justify-between"
        >
          <div
            class="flex flex-col h-full ml-2.5"
          >
            <h2
              aria-level="2"
              class="text-sm font-medium text-dark-100"
              role="heading"
            >
              Raiden
            </h2>
            <div
              class="flex gap-2"
            >
              <svg
                fill="none"
                height="15"
                width="13"
                xmlns="http://www.w3.org/2000/svg"
              >
                <path
                  d="M4.531 2.5H8.47V1.406c0-.355.273-.656.656-.656.355 0 .656.3.656.656V2.5h1.094c.957 0 1.75.793 1.75 1.75V13c0 .984-.793 1.75-1.75 1.75h-8.75c-.984 0-1.75-.766-1.75-1.75V4.25c0-.957.766-1.75 1.75-1.75h1.094V1.406c0-.355.273-.656.656-.656.355 0 .656.3.656.656V2.5ZM1.688 13c0 .246.19.438.437.438h8.75a.45.45 0 0 0 .438-.438V6H1.687v7Z"
                  fill="#3E3232"
                  fill-opacity="0.5"
                />
              </svg>
              <h3
                aria-level="3"
                class="text-md font-medium text-dark-75 text-p leading-5"
                role="heading"
              >
                23-12-June
              </h3>
            </div>
          </div>
          <button
            aria-label="button-element"
            class="flex items-center rounded-xl bg-dark-30 py-2.5 pr-6 pl-4 undefined hover:opacity-80"
          >
            <i
              class="mr-2 mb-1"
            >
              <svg
                fill="none"
                height="14"
                width="15"
                xmlns="http://www.w3.org/2000/svg"
              >
                <path
                  d="M13.754 5.957 8.94 10.086c-.41.355-1.066.055-1.066-.492v-2.38c-4.266.056-6.07 1.095-4.84 5.06.137.437-.41.792-.765.519C1.066 11.918 0 10.25 0 8.582c0-4.156 3.473-5.059 7.875-5.113v-2.16c0-.575.656-.875 1.066-.52l4.813 4.129c.3.3.3.766 0 1.039Z"
                  fill="#3E3232"
                  fill-opacity="0.5"
                />
              </svg>
            </i>
            <h2
              aria-level="2"
              class="text-xsm font-medium text-dark-75 leading-5"
              role="heading"
            >
              Reply
            </h2>
          </button>
        </div>
      </div>
    </div>
    <h3
      aria-level="3"
      class="text-md font-light text-xsm text-black-75 leading-5"
      role="heading"
    >
      How the weather today?
    </h3>
  </div>
</DocumentFragment>
`;

exports[`Comment component should render Comment without publicDate prop and macth snapshot 1`] = `
<DocumentFragment>
  <div
    class="bg-white-90 p-4 rounded-xl"
  >
    <h2
      aria-level="2"
      class="text-sm font-medium text-dark-100"
      role="heading"
    >
      Raiden
    </h2>
    <h3
      aria-level="3"
      class="text-md font-light text-p text-dark-75"
      role="heading"
    >
      How the weather today?
    </h3>
  </div>
</DocumentFragment>
`;
