// Jest Snapshot v1, https://goo.gl/fbAQLP

exports[`PostDetail component Should render default values when attributes are missing. 1`] = `
<div>
  <section
    class="flex flex-1"
  >
    <article
      class="flex-1"
    >
      <div
        class="mb-7.5 lg:bg-white-90 lg:p-7 xl:mb-32.5 xl:h-151 rounded-xl"
      >
        <h1
          aria-level="1"
          class="text-md font-medium text-md font-medium sm:text-xxl sm:font-normal mb-7"
          role="heading"
        >
          Title is not available
        </h1>
        <div
          class="relative mx-auto w-89.5 h-49.5 sm:w-full sm:h-84 lg:h-95 xl:w-full xl:h-134.5 2xl:h-149.5 2xl:w-268"
        >
          <img
            alt="Title is not available"
            class="rounded-xl"
            data-nimg="fill"
            decoding="async"
            src=""
            style="position: absolute; height: 100%; width: 100%; left: 0px; top: 0px; right: 0px; bottom: 0px; object-fit: cover; color: transparent; background-size: cover; background-position: 50% 50%; background-repeat: no-repeat;"
          />
        </div>
      </div>
      <div
        class="animate-pulse w-full mb-6"
      >
        <div
          class="flex w-1/2 gap-5 mx-auto"
        >
          <div
            class="h-10 w-1/3 bg-gray-300 rounded"
          />
          <div
            class="h-10 w-1/3 bg-gray-300 rounded"
          />
          <div
            class="h-10 w-1/3 bg-gray-300 rounded"
          />
        </div>
      </div>
      <section>
        <h2
          aria-level="2"
          class="text-md font-normal text-dark-100"
          role="heading"
        >
          Content is not available
        </h2>
      </section>
    </article>
  </section>
</div>
`;

exports[`PostDetail component Should render match with snapshot. 1`] = `
<div>
  <section
    class="flex flex-1"
  >
    <article
      class="flex-1"
    >
      <div
        class="mb-7.5 lg:bg-white-90 lg:p-7 xl:mb-32.5 xl:h-151 rounded-xl"
      >
        <h1
          aria-level="1"
          class="text-md font-medium text-md font-medium sm:text-xxl sm:font-normal mb-7"
          role="heading"
        >
          Go Home After Long Time
        </h1>
        <div
          class="relative mx-auto w-89.5 h-49.5 sm:w-full sm:h-84 lg:h-95 xl:w-full xl:h-134.5 2xl:h-149.5 2xl:w-268"
        >
          <img
            alt="Go Home After Long Time"
            class="rounded-xl"
            data-nimg="fill"
            decoding="async"
            loading="lazy"
            sizes="(max-width: 603px) 358px, (min-width: 604px) and (max-width: 1535px) 100vw, (min-width: 1535px) 1072px"
            src="/_next/image?url=https%3A%2F%2Fimages.unsplash.com%2Fphoto-1716223996696-ad6252a7fe7c%3Fw%3D500%26auto%3Dformat%26fit%3Dcrop%26q%3D60%26ixlib%3Drb-4.0.3%26ixid%3DM3wxMjA3fDB8MHxwaG90by1yZWxhdGVkfDF8fHxlbnwwfHx8fHw%253D&w=3840&q=75"
            srcset="/_next/image?url=https%3A%2F%2Fimages.unsplash.com%2Fphoto-1716223996696-ad6252a7fe7c%3Fw%3D500%26auto%3Dformat%26fit%3Dcrop%26q%3D60%26ixlib%3Drb-4.0.3%26ixid%3DM3wxMjA3fDB8MHxwaG90by1yZWxhdGVkfDF8fHxlbnwwfHx8fHw%253D&w=640&q=75 640w, /_next/image?url=https%3A%2F%2Fimages.unsplash.com%2Fphoto-1716223996696-ad6252a7fe7c%3Fw%3D500%26auto%3Dformat%26fit%3Dcrop%26q%3D60%26ixlib%3Drb-4.0.3%26ixid%3DM3wxMjA3fDB8MHxwaG90by1yZWxhdGVkfDF8fHxlbnwwfHx8fHw%253D&w=750&q=75 750w, /_next/image?url=https%3A%2F%2Fimages.unsplash.com%2Fphoto-1716223996696-ad6252a7fe7c%3Fw%3D500%26auto%3Dformat%26fit%3Dcrop%26q%3D60%26ixlib%3Drb-4.0.3%26ixid%3DM3wxMjA3fDB8MHxwaG90by1yZWxhdGVkfDF8fHxlbnwwfHx8fHw%253D&w=828&q=75 828w, /_next/image?url=https%3A%2F%2Fimages.unsplash.com%2Fphoto-1716223996696-ad6252a7fe7c%3Fw%3D500%26auto%3Dformat%26fit%3Dcrop%26q%3D60%26ixlib%3Drb-4.0.3%26ixid%3DM3wxMjA3fDB8MHxwaG90by1yZWxhdGVkfDF8fHxlbnwwfHx8fHw%253D&w=1080&q=75 1080w, /_next/image?url=https%3A%2F%2Fimages.unsplash.com%2Fphoto-1716223996696-ad6252a7fe7c%3Fw%3D500%26auto%3Dformat%26fit%3Dcrop%26q%3D60%26ixlib%3Drb-4.0.3%26ixid%3DM3wxMjA3fDB8MHxwaG90by1yZWxhdGVkfDF8fHxlbnwwfHx8fHw%253D&w=1200&q=75 1200w, /_next/image?url=https%3A%2F%2Fimages.unsplash.com%2Fphoto-1716223996696-ad6252a7fe7c%3Fw%3D500%26auto%3Dformat%26fit%3Dcrop%26q%3D60%26ixlib%3Drb-4.0.3%26ixid%3DM3wxMjA3fDB8MHxwaG90by1yZWxhdGVkfDF8fHxlbnwwfHx8fHw%253D&w=1920&q=75 1920w, /_next/image?url=https%3A%2F%2Fimages.unsplash.com%2Fphoto-1716223996696-ad6252a7fe7c%3Fw%3D500%26auto%3Dformat%26fit%3Dcrop%26q%3D60%26ixlib%3Drb-4.0.3%26ixid%3DM3wxMjA3fDB8MHxwaG90by1yZWxhdGVkfDF8fHxlbnwwfHx8fHw%253D&w=2048&q=75 2048w, /_next/image?url=https%3A%2F%2Fimages.unsplash.com%2Fphoto-1716223996696-ad6252a7fe7c%3Fw%3D500%26auto%3Dformat%26fit%3Dcrop%26q%3D60%26ixlib%3Drb-4.0.3%26ixid%3DM3wxMjA3fDB8MHxwaG90by1yZWxhdGVkfDF8fHxlbnwwfHx8fHw%253D&w=3840&q=75 3840w"
            style="position: absolute; height: 100%; width: 100%; left: 0px; top: 0px; right: 0px; bottom: 0px; object-fit: cover; color: transparent; background-size: cover; background-position: 50% 50%; background-repeat: no-repeat;"
          />
        </div>
      </div>
      <div
        class="animate-pulse w-full mb-6"
      >
        <div
          class="flex w-1/2 gap-5 mx-auto"
        >
          <div
            class="h-10 w-1/3 bg-gray-300 rounded"
          />
          <div
            class="h-10 w-1/3 bg-gray-300 rounded"
          />
          <div
            class="h-10 w-1/3 bg-gray-300 rounded"
          />
        </div>
      </div>
      <section>
        <h2
          aria-level="2"
          class="text-md font-normal text-dark-100"
          role="heading"
        >
          Download torrents from verified or trusted uploaders. If you're a BitTorrent user looking for safety tips, use this method. Both of the big-name BitTorrent indexers (The Pirate Bay and KickAssTorrents) use symbols to highlight torrents uploaded by verified users.
        </h2>
      </section>
    </article>
  </section>
</div>
`;
