// Jest Snapshot v1, https://goo.gl/fbAQLP

exports[`Avatar component should render Avatar macth snapshot 1`] = `
<DocumentFragment>
  <div
    style="width: 10px; height: 10px; position: relative;"
  >
    <img
      alt="member"
      class="rounded-xl"
      data-nimg="fill"
      decoding="async"
      loading="lazy"
      sizes="10px"
      src="/_next/image?url=https%3A%2F%2Fimages.unsplash.com%2Fphoto-1535713875002-d1d0cf377fde%3Fixid%3DMnwxMjA3fDB8MHxwaG90by1wYWdlfHx8fGVufDB8fHx8%26ixlib%3Drb-1.2.1%26auto%3Dformat%26fit%3Dcrop%26w%3D250%26q%3D80&w=3840&q=75"
      srcset="/_next/image?url=https%3A%2F%2Fimages.unsplash.com%2Fphoto-1535713875002-d1d0cf377fde%3Fixid%3DMnwxMjA3fDB8MHxwaG90by1wYWdlfHx8fGVufDB8fHx8%26ixlib%3Drb-1.2.1%26auto%3Dformat%26fit%3Dcrop%26w%3D250%26q%3D80&w=16&q=75 16w, /_next/image?url=https%3A%2F%2Fimages.unsplash.com%2Fphoto-1535713875002-d1d0cf377fde%3Fixid%3DMnwxMjA3fDB8MHxwaG90by1wYWdlfHx8fGVufDB8fHx8%26ixlib%3Drb-1.2.1%26auto%3Dformat%26fit%3Dcrop%26w%3D250%26q%3D80&w=32&q=75 32w, /_next/image?url=https%3A%2F%2Fimages.unsplash.com%2Fphoto-1535713875002-d1d0cf377fde%3Fixid%3DMnwxMjA3fDB8MHxwaG90by1wYWdlfHx8fGVufDB8fHx8%26ixlib%3Drb-1.2.1%26auto%3Dformat%26fit%3Dcrop%26w%3D250%26q%3D80&w=48&q=75 48w, /_next/image?url=https%3A%2F%2Fimages.unsplash.com%2Fphoto-1535713875002-d1d0cf377fde%3Fixid%3DMnwxMjA3fDB8MHxwaG90by1wYWdlfHx8fGVufDB8fHx8%26ixlib%3Drb-1.2.1%26auto%3Dformat%26fit%3Dcrop%26w%3D250%26q%3D80&w=64&q=75 64w, /_next/image?url=https%3A%2F%2Fimages.unsplash.com%2Fphoto-1535713875002-d1d0cf377fde%3Fixid%3DMnwxMjA3fDB8MHxwaG90by1wYWdlfHx8fGVufDB8fHx8%26ixlib%3Drb-1.2.1%26auto%3Dformat%26fit%3Dcrop%26w%3D250%26q%3D80&w=96&q=75 96w, /_next/image?url=https%3A%2F%2Fimages.unsplash.com%2Fphoto-1535713875002-d1d0cf377fde%3Fixid%3DMnwxMjA3fDB8MHxwaG90by1wYWdlfHx8fGVufDB8fHx8%26ixlib%3Drb-1.2.1%26auto%3Dformat%26fit%3Dcrop%26w%3D250%26q%3D80&w=128&q=75 128w, /_next/image?url=https%3A%2F%2Fimages.unsplash.com%2Fphoto-1535713875002-d1d0cf377fde%3Fixid%3DMnwxMjA3fDB8MHxwaG90by1wYWdlfHx8fGVufDB8fHx8%26ixlib%3Drb-1.2.1%26auto%3Dformat%26fit%3Dcrop%26w%3D250%26q%3D80&w=256&q=75 256w, /_next/image?url=https%3A%2F%2Fimages.unsplash.com%2Fphoto-1535713875002-d1d0cf377fde%3Fixid%3DMnwxMjA3fDB8MHxwaG90by1wYWdlfHx8fGVufDB8fHx8%26ixlib%3Drb-1.2.1%26auto%3Dformat%26fit%3Dcrop%26w%3D250%26q%3D80&w=384&q=75 384w, /_next/image?url=https%3A%2F%2Fimages.unsplash.com%2Fphoto-1535713875002-d1d0cf377fde%3Fixid%3DMnwxMjA3fDB8MHxwaG90by1wYWdlfHx8fGVufDB8fHx8%26ixlib%3Drb-1.2.1%26auto%3Dformat%26fit%3Dcrop%26w%3D250%26q%3D80&w=640&q=75 640w, /_next/image?url=https%3A%2F%2Fimages.unsplash.com%2Fphoto-1535713875002-d1d0cf377fde%3Fixid%3DMnwxMjA3fDB8MHxwaG90by1wYWdlfHx8fGVufDB8fHx8%26ixlib%3Drb-1.2.1%26auto%3Dformat%26fit%3Dcrop%26w%3D250%26q%3D80&w=750&q=75 750w, /_next/image?url=https%3A%2F%2Fimages.unsplash.com%2Fphoto-1535713875002-d1d0cf377fde%3Fixid%3DMnwxMjA3fDB8MHxwaG90by1wYWdlfHx8fGVufDB8fHx8%26ixlib%3Drb-1.2.1%26auto%3Dformat%26fit%3Dcrop%26w%3D250%26q%3D80&w=828&q=75 828w, /_next/image?url=https%3A%2F%2Fimages.unsplash.com%2Fphoto-1535713875002-d1d0cf377fde%3Fixid%3DMnwxMjA3fDB8MHxwaG90by1wYWdlfHx8fGVufDB8fHx8%26ixlib%3Drb-1.2.1%26auto%3Dformat%26fit%3Dcrop%26w%3D250%26q%3D80&w=1080&q=75 1080w, /_next/image?url=https%3A%2F%2Fimages.unsplash.com%2Fphoto-1535713875002-d1d0cf377fde%3Fixid%3DMnwxMjA3fDB8MHxwaG90by1wYWdlfHx8fGVufDB8fHx8%26ixlib%3Drb-1.2.1%26auto%3Dformat%26fit%3Dcrop%26w%3D250%26q%3D80&w=1200&q=75 1200w, /_next/image?url=https%3A%2F%2Fimages.unsplash.com%2Fphoto-1535713875002-d1d0cf377fde%3Fixid%3DMnwxMjA3fDB8MHxwaG90by1wYWdlfHx8fGVufDB8fHx8%26ixlib%3Drb-1.2.1%26auto%3Dformat%26fit%3Dcrop%26w%3D250%26q%3D80&w=1920&q=75 1920w, /_next/image?url=https%3A%2F%2Fimages.unsplash.com%2Fphoto-1535713875002-d1d0cf377fde%3Fixid%3DMnwxMjA3fDB8MHxwaG90by1wYWdlfHx8fGVufDB8fHx8%26ixlib%3Drb-1.2.1%26auto%3Dformat%26fit%3Dcrop%26w%3D250%26q%3D80&w=2048&q=75 2048w, /_next/image?url=https%3A%2F%2Fimages.unsplash.com%2Fphoto-1535713875002-d1d0cf377fde%3Fixid%3DMnwxMjA3fDB8MHxwaG90by1wYWdlfHx8fGVufDB8fHx8%26ixlib%3Drb-1.2.1%26auto%3Dformat%26fit%3Dcrop%26w%3D250%26q%3D80&w=3840&q=75 3840w"
      style="position: absolute; height: 100%; width: 100%; left: 0px; top: 0px; right: 0px; bottom: 0px; object-fit: cover; color: transparent; background-size: cover; background-position: 50% 50%; background-repeat: no-repeat;"
    />
  </div>
</DocumentFragment>
`;
