// Jest Snapshot v1, https://goo.gl/fbAQLP

exports[`Input component should render Input macth snapshot 1`] = `
<DocumentFragment>
  <div>
    <label
      class="block text-dark-100 text-sm font-medium leading-5 mb-4"
      for="username"
    >
      Name
    </label>
    <input
      class="rounded-2xl w-full h-12 py-2 px-4 bg-white-90 text-dark-90 placeholder-dark-50 leading-tight ring-white-100 focus:bg-white-90 focus:outline-none focus:shadow-outline"
      id="username"
      name="username"
      placeholder="Please enter your name"
      type="text"
    />
  </div>
</DocumentFragment>
`;
