// Jest Snapshot v1, https://goo.gl/fbAQLP

exports[`CardCategory component Should render match with snapshot. 1`] = `
<div>
  <a
    href="/articles/2"
  >
    <div
      class="mx-auto bg-white-100 flex flex-col items-center justify-center p-2.5 shadow-custom rounded-xl hover:cursor-pointer hover:opacity-90 w-89.5 h-[385px] sm:w-full max-w-186 sm:h-full sm:flex-row sm:gap-2.5 lg:flex-col lg:w-90 lg:h-[389px]"
    >
      <div
        class="relative w-84.5 h-46.5 sm:w-47.5 lg:w-85 lg:h-47.5"
      >
        <img
          alt="Go Home After Long Time"
          class="rounded-xl"
          data-nimg="fill"
          decoding="async"
          loading="lazy"
          sizes="(max-width: 603px) 338px, (min-width: 604px) and (max-width: 1023px) 190px, (min-width: 1024px) 340px"
          src="/_next/image?url=https%3A%2F%2Fimages.unsplash.com%2Fphoto-1716223996696-ad6252a7fe7c%3Fw%3D500%26auto%3Dformat%26fit%3Dcrop%26q%3D60%26ixlib%3Drb-4.0.3%26ixid%3DM3wxMjA3fDB8MHxwaG90by1yZWxhdGVkfDF8fHxlbnwwfHx8fHw%253D&w=3840&q=75"
          srcset="/_next/image?url=https%3A%2F%2Fimages.unsplash.com%2Fphoto-1716223996696-ad6252a7fe7c%3Fw%3D500%26auto%3Dformat%26fit%3Dcrop%26q%3D60%26ixlib%3Drb-4.0.3%26ixid%3DM3wxMjA3fDB8MHxwaG90by1yZWxhdGVkfDF8fHxlbnwwfHx8fHw%253D&w=16&q=75 16w, /_next/image?url=https%3A%2F%2Fimages.unsplash.com%2Fphoto-1716223996696-ad6252a7fe7c%3Fw%3D500%26auto%3Dformat%26fit%3Dcrop%26q%3D60%26ixlib%3Drb-4.0.3%26ixid%3DM3wxMjA3fDB8MHxwaG90by1yZWxhdGVkfDF8fHxlbnwwfHx8fHw%253D&w=32&q=75 32w, /_next/image?url=https%3A%2F%2Fimages.unsplash.com%2Fphoto-1716223996696-ad6252a7fe7c%3Fw%3D500%26auto%3Dformat%26fit%3Dcrop%26q%3D60%26ixlib%3Drb-4.0.3%26ixid%3DM3wxMjA3fDB8MHxwaG90by1yZWxhdGVkfDF8fHxlbnwwfHx8fHw%253D&w=48&q=75 48w, /_next/image?url=https%3A%2F%2Fimages.unsplash.com%2Fphoto-1716223996696-ad6252a7fe7c%3Fw%3D500%26auto%3Dformat%26fit%3Dcrop%26q%3D60%26ixlib%3Drb-4.0.3%26ixid%3DM3wxMjA3fDB8MHxwaG90by1yZWxhdGVkfDF8fHxlbnwwfHx8fHw%253D&w=64&q=75 64w, /_next/image?url=https%3A%2F%2Fimages.unsplash.com%2Fphoto-1716223996696-ad6252a7fe7c%3Fw%3D500%26auto%3Dformat%26fit%3Dcrop%26q%3D60%26ixlib%3Drb-4.0.3%26ixid%3DM3wxMjA3fDB8MHxwaG90by1yZWxhdGVkfDF8fHxlbnwwfHx8fHw%253D&w=96&q=75 96w, /_next/image?url=https%3A%2F%2Fimages.unsplash.com%2Fphoto-1716223996696-ad6252a7fe7c%3Fw%3D500%26auto%3Dformat%26fit%3Dcrop%26q%3D60%26ixlib%3Drb-4.0.3%26ixid%3DM3wxMjA3fDB8MHxwaG90by1yZWxhdGVkfDF8fHxlbnwwfHx8fHw%253D&w=128&q=75 128w, /_next/image?url=https%3A%2F%2Fimages.unsplash.com%2Fphoto-1716223996696-ad6252a7fe7c%3Fw%3D500%26auto%3Dformat%26fit%3Dcrop%26q%3D60%26ixlib%3Drb-4.0.3%26ixid%3DM3wxMjA3fDB8MHxwaG90by1yZWxhdGVkfDF8fHxlbnwwfHx8fHw%253D&w=256&q=75 256w, /_next/image?url=https%3A%2F%2Fimages.unsplash.com%2Fphoto-1716223996696-ad6252a7fe7c%3Fw%3D500%26auto%3Dformat%26fit%3Dcrop%26q%3D60%26ixlib%3Drb-4.0.3%26ixid%3DM3wxMjA3fDB8MHxwaG90by1yZWxhdGVkfDF8fHxlbnwwfHx8fHw%253D&w=384&q=75 384w, /_next/image?url=https%3A%2F%2Fimages.unsplash.com%2Fphoto-1716223996696-ad6252a7fe7c%3Fw%3D500%26auto%3Dformat%26fit%3Dcrop%26q%3D60%26ixlib%3Drb-4.0.3%26ixid%3DM3wxMjA3fDB8MHxwaG90by1yZWxhdGVkfDF8fHxlbnwwfHx8fHw%253D&w=640&q=75 640w, /_next/image?url=https%3A%2F%2Fimages.unsplash.com%2Fphoto-1716223996696-ad6252a7fe7c%3Fw%3D500%26auto%3Dformat%26fit%3Dcrop%26q%3D60%26ixlib%3Drb-4.0.3%26ixid%3DM3wxMjA3fDB8MHxwaG90by1yZWxhdGVkfDF8fHxlbnwwfHx8fHw%253D&w=750&q=75 750w, /_next/image?url=https%3A%2F%2Fimages.unsplash.com%2Fphoto-1716223996696-ad6252a7fe7c%3Fw%3D500%26auto%3Dformat%26fit%3Dcrop%26q%3D60%26ixlib%3Drb-4.0.3%26ixid%3DM3wxMjA3fDB8MHxwaG90by1yZWxhdGVkfDF8fHxlbnwwfHx8fHw%253D&w=828&q=75 828w, /_next/image?url=https%3A%2F%2Fimages.unsplash.com%2Fphoto-1716223996696-ad6252a7fe7c%3Fw%3D500%26auto%3Dformat%26fit%3Dcrop%26q%3D60%26ixlib%3Drb-4.0.3%26ixid%3DM3wxMjA3fDB8MHxwaG90by1yZWxhdGVkfDF8fHxlbnwwfHx8fHw%253D&w=1080&q=75 1080w, /_next/image?url=https%3A%2F%2Fimages.unsplash.com%2Fphoto-1716223996696-ad6252a7fe7c%3Fw%3D500%26auto%3Dformat%26fit%3Dcrop%26q%3D60%26ixlib%3Drb-4.0.3%26ixid%3DM3wxMjA3fDB8MHxwaG90by1yZWxhdGVkfDF8fHxlbnwwfHx8fHw%253D&w=1200&q=75 1200w, /_next/image?url=https%3A%2F%2Fimages.unsplash.com%2Fphoto-1716223996696-ad6252a7fe7c%3Fw%3D500%26auto%3Dformat%26fit%3Dcrop%26q%3D60%26ixlib%3Drb-4.0.3%26ixid%3DM3wxMjA3fDB8MHxwaG90by1yZWxhdGVkfDF8fHxlbnwwfHx8fHw%253D&w=1920&q=75 1920w, /_next/image?url=https%3A%2F%2Fimages.unsplash.com%2Fphoto-1716223996696-ad6252a7fe7c%3Fw%3D500%26auto%3Dformat%26fit%3Dcrop%26q%3D60%26ixlib%3Drb-4.0.3%26ixid%3DM3wxMjA3fDB8MHxwaG90by1yZWxhdGVkfDF8fHxlbnwwfHx8fHw%253D&w=2048&q=75 2048w, /_next/image?url=https%3A%2F%2Fimages.unsplash.com%2Fphoto-1716223996696-ad6252a7fe7c%3Fw%3D500%26auto%3Dformat%26fit%3Dcrop%26q%3D60%26ixlib%3Drb-4.0.3%26ixid%3DM3wxMjA3fDB8MHxwaG90by1yZWxhdGVkfDF8fHxlbnwwfHx8fHw%253D&w=3840&q=75 3840w"
          style="position: absolute; height: 100%; width: 100%; left: 0px; top: 0px; right: 0px; bottom: 0px; object-fit: cover; color: transparent;"
        />
      </div>
      <div
        class="flex flex-col flex-1"
      >
        <div
          class="flex flex-col gap-4 p-4"
        >
          <h2
            aria-level="2"
            class="text-sm font-medium text-dark-100 text-ellipsis overflow-hidden"
            role="heading"
          >
            Go Home After Long Time
          </h2>
          <h3
            aria-level="3"
            class="text-xsm font-light text-dark-75 h-10 w-82 leading-5 text-ellipsis overflow-hidden"
            role="heading"
          >
            Download torrents from verified or trusted uploaders. If you're a BitTorrent user looking for safety tips, use this method. Both of the big-name BitTorrent indexers (The Pirate Bay and KickAssTorrents) use symbols to highlight torrents uploaded by verified users.
          </h3>
        </div>
        <div
          class="flex flex-1 bg-white-90 rounded-xl px-4 py-3.5 mx-2.5"
        >
          <div
            style="width: 44px; height: 44px; position: relative;"
          >
            <img
              alt="author this post"
              class="rounded-xl"
              data-nimg="fill"
              decoding="async"
              loading="lazy"
              sizes="44px"
              src="/_next/image?url=https%3A%2F%2Fwww.unsplash.com%2Fimage%3Fv&w=3840&q=75"
              srcset="/_next/image?url=https%3A%2F%2Fwww.unsplash.com%2Fimage%3Fv&w=16&q=75 16w, /_next/image?url=https%3A%2F%2Fwww.unsplash.com%2Fimage%3Fv&w=32&q=75 32w, /_next/image?url=https%3A%2F%2Fwww.unsplash.com%2Fimage%3Fv&w=48&q=75 48w, /_next/image?url=https%3A%2F%2Fwww.unsplash.com%2Fimage%3Fv&w=64&q=75 64w, /_next/image?url=https%3A%2F%2Fwww.unsplash.com%2Fimage%3Fv&w=96&q=75 96w, /_next/image?url=https%3A%2F%2Fwww.unsplash.com%2Fimage%3Fv&w=128&q=75 128w, /_next/image?url=https%3A%2F%2Fwww.unsplash.com%2Fimage%3Fv&w=256&q=75 256w, /_next/image?url=https%3A%2F%2Fwww.unsplash.com%2Fimage%3Fv&w=384&q=75 384w, /_next/image?url=https%3A%2F%2Fwww.unsplash.com%2Fimage%3Fv&w=640&q=75 640w, /_next/image?url=https%3A%2F%2Fwww.unsplash.com%2Fimage%3Fv&w=750&q=75 750w, /_next/image?url=https%3A%2F%2Fwww.unsplash.com%2Fimage%3Fv&w=828&q=75 828w, /_next/image?url=https%3A%2F%2Fwww.unsplash.com%2Fimage%3Fv&w=1080&q=75 1080w, /_next/image?url=https%3A%2F%2Fwww.unsplash.com%2Fimage%3Fv&w=1200&q=75 1200w, /_next/image?url=https%3A%2F%2Fwww.unsplash.com%2Fimage%3Fv&w=1920&q=75 1920w, /_next/image?url=https%3A%2F%2Fwww.unsplash.com%2Fimage%3Fv&w=2048&q=75 2048w, /_next/image?url=https%3A%2F%2Fwww.unsplash.com%2Fimage%3Fv&w=3840&q=75 3840w"
              style="position: absolute; height: 100%; width: 100%; left: 0px; top: 0px; right: 0px; bottom: 0px; object-fit: cover; color: transparent;"
            />
          </div>
          <div
            class="flex flex-1 items-center justify-between"
          >
            <div
              class="flex flex-col ml-2.5"
            >
              <h4
                aria-level="4"
                class="text-xsm font-medium text-dark-100"
                role="heading"
              >
                Benzamine
              </h4>
              <h5
                aria-level="5"
                class="text-md font-light text-dark-75 text-p leading-5"
                role="heading"
              >
                2024-5-30
              </h5>
            </div>
            <svg
              fill="none"
              height="21"
              width="16"
              xmlns="http://www.w3.org/2000/svg"
            >
              <path
                d="M13.625 0C14.641 0 15.5.86 15.5 1.875V18.75c0 .977-1.055 1.563-1.914 1.094L8 16.562l-5.625 3.282C1.515 20.312.5 19.727.5 18.75V1.875C.5.859 1.32 0 2.375 0h11.25Zm0 17.656V2.11c0-.117-.117-.234-.273-.234H2.57c-.117 0-.195.117-.195.234v15.547L8 14.375l5.625 3.281Z"
                fill="#999598"
              />
            </svg>
          </div>
        </div>
      </div>
    </div>
  </a>
</div>
`;
