// Jest Snapshot v1, https://goo.gl/fbAQLP

exports[`CommentSkeleton component should render CommentSkeleton macth snapshot 1`] = `
<DocumentFragment>
  <div
    class=""
  >
    <div
      class="animate-pulse"
    >
      <div
        class="bg-gray-300 h-15 w-30 rounded-md mb-4 sm:mb-3.5"
      />
      <div
        class="h-8 bg-gray-300 rounded w-full mb-2"
      />
      <div
        class="h-8 bg-gray-300 rounded w-full mb-2"
      />
    </div>
  </div>
</DocumentFragment>
`;
