// Jest Snapshot v1, https://goo.gl/fbAQLP

exports[`PaperPost component should render PaperPost macth snapshot 1`] = `
<DocumentFragment>
  <a
    href="/articles/1"
  >
    <div
      class="flex cursor-pointer bg-white-100 h-52.5 w-full p-2.5 rounded-xl"
    >
      <div
        style="width: 190px; height: 190px; position: relative;"
      >
        <img
          alt="This is museum"
          class="rounded-xl"
          data-nimg="fill"
          decoding="async"
          loading="lazy"
          sizes="190px"
          src="/_next/image?url=https%3A%2F%2Fimages.unsplash.com%2Fphoto-1563026915-32eba3e315de%3Fq%3D80%26w%3D2531%26auto%3Dformat%26fit%3Dcrop%26ixlib%3Drb-4.0.3%26ixid%3DM3wxMjA3fDB8MHxwaG90by1wYWdlfHx8fGVufDB8fHx8fA%253D%253D&w=3840&q=75"
          srcset="/_next/image?url=https%3A%2F%2Fimages.unsplash.com%2Fphoto-1563026915-32eba3e315de%3Fq%3D80%26w%3D2531%26auto%3Dformat%26fit%3Dcrop%26ixlib%3Drb-4.0.3%26ixid%3DM3wxMjA3fDB8MHxwaG90by1wYWdlfHx8fGVufDB8fHx8fA%253D%253D&w=16&q=75 16w, /_next/image?url=https%3A%2F%2Fimages.unsplash.com%2Fphoto-1563026915-32eba3e315de%3Fq%3D80%26w%3D2531%26auto%3Dformat%26fit%3Dcrop%26ixlib%3Drb-4.0.3%26ixid%3DM3wxMjA3fDB8MHxwaG90by1wYWdlfHx8fGVufDB8fHx8fA%253D%253D&w=32&q=75 32w, /_next/image?url=https%3A%2F%2Fimages.unsplash.com%2Fphoto-1563026915-32eba3e315de%3Fq%3D80%26w%3D2531%26auto%3Dformat%26fit%3Dcrop%26ixlib%3Drb-4.0.3%26ixid%3DM3wxMjA3fDB8MHxwaG90by1wYWdlfHx8fGVufDB8fHx8fA%253D%253D&w=48&q=75 48w, /_next/image?url=https%3A%2F%2Fimages.unsplash.com%2Fphoto-1563026915-32eba3e315de%3Fq%3D80%26w%3D2531%26auto%3Dformat%26fit%3Dcrop%26ixlib%3Drb-4.0.3%26ixid%3DM3wxMjA3fDB8MHxwaG90by1wYWdlfHx8fGVufDB8fHx8fA%253D%253D&w=64&q=75 64w, /_next/image?url=https%3A%2F%2Fimages.unsplash.com%2Fphoto-1563026915-32eba3e315de%3Fq%3D80%26w%3D2531%26auto%3Dformat%26fit%3Dcrop%26ixlib%3Drb-4.0.3%26ixid%3DM3wxMjA3fDB8MHxwaG90by1wYWdlfHx8fGVufDB8fHx8fA%253D%253D&w=96&q=75 96w, /_next/image?url=https%3A%2F%2Fimages.unsplash.com%2Fphoto-1563026915-32eba3e315de%3Fq%3D80%26w%3D2531%26auto%3Dformat%26fit%3Dcrop%26ixlib%3Drb-4.0.3%26ixid%3DM3wxMjA3fDB8MHxwaG90by1wYWdlfHx8fGVufDB8fHx8fA%253D%253D&w=128&q=75 128w, /_next/image?url=https%3A%2F%2Fimages.unsplash.com%2Fphoto-1563026915-32eba3e315de%3Fq%3D80%26w%3D2531%26auto%3Dformat%26fit%3Dcrop%26ixlib%3Drb-4.0.3%26ixid%3DM3wxMjA3fDB8MHxwaG90by1wYWdlfHx8fGVufDB8fHx8fA%253D%253D&w=256&q=75 256w, /_next/image?url=https%3A%2F%2Fimages.unsplash.com%2Fphoto-1563026915-32eba3e315de%3Fq%3D80%26w%3D2531%26auto%3Dformat%26fit%3Dcrop%26ixlib%3Drb-4.0.3%26ixid%3DM3wxMjA3fDB8MHxwaG90by1wYWdlfHx8fGVufDB8fHx8fA%253D%253D&w=384&q=75 384w, /_next/image?url=https%3A%2F%2Fimages.unsplash.com%2Fphoto-1563026915-32eba3e315de%3Fq%3D80%26w%3D2531%26auto%3Dformat%26fit%3Dcrop%26ixlib%3Drb-4.0.3%26ixid%3DM3wxMjA3fDB8MHxwaG90by1wYWdlfHx8fGVufDB8fHx8fA%253D%253D&w=640&q=75 640w, /_next/image?url=https%3A%2F%2Fimages.unsplash.com%2Fphoto-1563026915-32eba3e315de%3Fq%3D80%26w%3D2531%26auto%3Dformat%26fit%3Dcrop%26ixlib%3Drb-4.0.3%26ixid%3DM3wxMjA3fDB8MHxwaG90by1wYWdlfHx8fGVufDB8fHx8fA%253D%253D&w=750&q=75 750w, /_next/image?url=https%3A%2F%2Fimages.unsplash.com%2Fphoto-1563026915-32eba3e315de%3Fq%3D80%26w%3D2531%26auto%3Dformat%26fit%3Dcrop%26ixlib%3Drb-4.0.3%26ixid%3DM3wxMjA3fDB8MHxwaG90by1wYWdlfHx8fGVufDB8fHx8fA%253D%253D&w=828&q=75 828w, /_next/image?url=https%3A%2F%2Fimages.unsplash.com%2Fphoto-1563026915-32eba3e315de%3Fq%3D80%26w%3D2531%26auto%3Dformat%26fit%3Dcrop%26ixlib%3Drb-4.0.3%26ixid%3DM3wxMjA3fDB8MHxwaG90by1wYWdlfHx8fGVufDB8fHx8fA%253D%253D&w=1080&q=75 1080w, /_next/image?url=https%3A%2F%2Fimages.unsplash.com%2Fphoto-1563026915-32eba3e315de%3Fq%3D80%26w%3D2531%26auto%3Dformat%26fit%3Dcrop%26ixlib%3Drb-4.0.3%26ixid%3DM3wxMjA3fDB8MHxwaG90by1wYWdlfHx8fGVufDB8fHx8fA%253D%253D&w=1200&q=75 1200w, /_next/image?url=https%3A%2F%2Fimages.unsplash.com%2Fphoto-1563026915-32eba3e315de%3Fq%3D80%26w%3D2531%26auto%3Dformat%26fit%3Dcrop%26ixlib%3Drb-4.0.3%26ixid%3DM3wxMjA3fDB8MHxwaG90by1wYWdlfHx8fGVufDB8fHx8fA%253D%253D&w=1920&q=75 1920w, /_next/image?url=https%3A%2F%2Fimages.unsplash.com%2Fphoto-1563026915-32eba3e315de%3Fq%3D80%26w%3D2531%26auto%3Dformat%26fit%3Dcrop%26ixlib%3Drb-4.0.3%26ixid%3DM3wxMjA3fDB8MHxwaG90by1wYWdlfHx8fGVufDB8fHx8fA%253D%253D&w=2048&q=75 2048w, /_next/image?url=https%3A%2F%2Fimages.unsplash.com%2Fphoto-1563026915-32eba3e315de%3Fq%3D80%26w%3D2531%26auto%3Dformat%26fit%3Dcrop%26ixlib%3Drb-4.0.3%26ixid%3DM3wxMjA3fDB8MHxwaG90by1wYWdlfHx8fGVufDB8fHx8fA%253D%253D&w=3840&q=75 3840w"
          style="position: absolute; height: 100%; width: 100%; left: 0px; top: 0px; right: 0px; bottom: 0px; object-fit: cover; color: transparent; background-size: cover; background-position: 50% 50%; background-repeat: no-repeat;"
        />
      </div>
      <div
        class="flex flex-col gap-1.5 ml-2.5 flex-1 py-4"
      >
        <h2
          aria-level="2"
          class="text-sm font-medium w-[223px] text-dark-100 text-ellipsis  h-7 px-1.5 w-auto"
          role="heading"
        >
          The Privs museum close on 5AM
        </h2>
        <h3
          aria-level="3"
          class="text-md font-light 
            h-8 w-[223px] text-dark-75 text-wrap truncate text-ellipsis overflow-hidden
            text-xsm
            px-1.5 h-auto w-auto"
          role="heading"
        >
          The Privs start close and maintain all of the wall
        </h3>
      </div>
    </div>
  </a>
</DocumentFragment>
`;

exports[`PaperPost component should render PaperPost without isLargePaper prop to macth snapshot 1`] = `
<DocumentFragment>
  <a
    href="/articles/1"
  >
    <div
      class="flex cursor-pointer undefined"
    >
      <div
        style="width: 87px; height: 87px; position: relative;"
      >
        <img
          alt="This is museum"
          class="rounded-xl"
          data-nimg="fill"
          decoding="async"
          loading="lazy"
          sizes="87px"
          src="/_next/image?url=https%3A%2F%2Fimages.unsplash.com%2Fphoto-1563026915-32eba3e315de%3Fq%3D80%26w%3D2531%26auto%3Dformat%26fit%3Dcrop%26ixlib%3Drb-4.0.3%26ixid%3DM3wxMjA3fDB8MHxwaG90by1wYWdlfHx8fGVufDB8fHx8fA%253D%253D&w=3840&q=75"
          srcset="/_next/image?url=https%3A%2F%2Fimages.unsplash.com%2Fphoto-1563026915-32eba3e315de%3Fq%3D80%26w%3D2531%26auto%3Dformat%26fit%3Dcrop%26ixlib%3Drb-4.0.3%26ixid%3DM3wxMjA3fDB8MHxwaG90by1wYWdlfHx8fGVufDB8fHx8fA%253D%253D&w=16&q=75 16w, /_next/image?url=https%3A%2F%2Fimages.unsplash.com%2Fphoto-1563026915-32eba3e315de%3Fq%3D80%26w%3D2531%26auto%3Dformat%26fit%3Dcrop%26ixlib%3Drb-4.0.3%26ixid%3DM3wxMjA3fDB8MHxwaG90by1wYWdlfHx8fGVufDB8fHx8fA%253D%253D&w=32&q=75 32w, /_next/image?url=https%3A%2F%2Fimages.unsplash.com%2Fphoto-1563026915-32eba3e315de%3Fq%3D80%26w%3D2531%26auto%3Dformat%26fit%3Dcrop%26ixlib%3Drb-4.0.3%26ixid%3DM3wxMjA3fDB8MHxwaG90by1wYWdlfHx8fGVufDB8fHx8fA%253D%253D&w=48&q=75 48w, /_next/image?url=https%3A%2F%2Fimages.unsplash.com%2Fphoto-1563026915-32eba3e315de%3Fq%3D80%26w%3D2531%26auto%3Dformat%26fit%3Dcrop%26ixlib%3Drb-4.0.3%26ixid%3DM3wxMjA3fDB8MHxwaG90by1wYWdlfHx8fGVufDB8fHx8fA%253D%253D&w=64&q=75 64w, /_next/image?url=https%3A%2F%2Fimages.unsplash.com%2Fphoto-1563026915-32eba3e315de%3Fq%3D80%26w%3D2531%26auto%3Dformat%26fit%3Dcrop%26ixlib%3Drb-4.0.3%26ixid%3DM3wxMjA3fDB8MHxwaG90by1wYWdlfHx8fGVufDB8fHx8fA%253D%253D&w=96&q=75 96w, /_next/image?url=https%3A%2F%2Fimages.unsplash.com%2Fphoto-1563026915-32eba3e315de%3Fq%3D80%26w%3D2531%26auto%3Dformat%26fit%3Dcrop%26ixlib%3Drb-4.0.3%26ixid%3DM3wxMjA3fDB8MHxwaG90by1wYWdlfHx8fGVufDB8fHx8fA%253D%253D&w=128&q=75 128w, /_next/image?url=https%3A%2F%2Fimages.unsplash.com%2Fphoto-1563026915-32eba3e315de%3Fq%3D80%26w%3D2531%26auto%3Dformat%26fit%3Dcrop%26ixlib%3Drb-4.0.3%26ixid%3DM3wxMjA3fDB8MHxwaG90by1wYWdlfHx8fGVufDB8fHx8fA%253D%253D&w=256&q=75 256w, /_next/image?url=https%3A%2F%2Fimages.unsplash.com%2Fphoto-1563026915-32eba3e315de%3Fq%3D80%26w%3D2531%26auto%3Dformat%26fit%3Dcrop%26ixlib%3Drb-4.0.3%26ixid%3DM3wxMjA3fDB8MHxwaG90by1wYWdlfHx8fGVufDB8fHx8fA%253D%253D&w=384&q=75 384w, /_next/image?url=https%3A%2F%2Fimages.unsplash.com%2Fphoto-1563026915-32eba3e315de%3Fq%3D80%26w%3D2531%26auto%3Dformat%26fit%3Dcrop%26ixlib%3Drb-4.0.3%26ixid%3DM3wxMjA3fDB8MHxwaG90by1wYWdlfHx8fGVufDB8fHx8fA%253D%253D&w=640&q=75 640w, /_next/image?url=https%3A%2F%2Fimages.unsplash.com%2Fphoto-1563026915-32eba3e315de%3Fq%3D80%26w%3D2531%26auto%3Dformat%26fit%3Dcrop%26ixlib%3Drb-4.0.3%26ixid%3DM3wxMjA3fDB8MHxwaG90by1wYWdlfHx8fGVufDB8fHx8fA%253D%253D&w=750&q=75 750w, /_next/image?url=https%3A%2F%2Fimages.unsplash.com%2Fphoto-1563026915-32eba3e315de%3Fq%3D80%26w%3D2531%26auto%3Dformat%26fit%3Dcrop%26ixlib%3Drb-4.0.3%26ixid%3DM3wxMjA3fDB8MHxwaG90by1wYWdlfHx8fGVufDB8fHx8fA%253D%253D&w=828&q=75 828w, /_next/image?url=https%3A%2F%2Fimages.unsplash.com%2Fphoto-1563026915-32eba3e315de%3Fq%3D80%26w%3D2531%26auto%3Dformat%26fit%3Dcrop%26ixlib%3Drb-4.0.3%26ixid%3DM3wxMjA3fDB8MHxwaG90by1wYWdlfHx8fGVufDB8fHx8fA%253D%253D&w=1080&q=75 1080w, /_next/image?url=https%3A%2F%2Fimages.unsplash.com%2Fphoto-1563026915-32eba3e315de%3Fq%3D80%26w%3D2531%26auto%3Dformat%26fit%3Dcrop%26ixlib%3Drb-4.0.3%26ixid%3DM3wxMjA3fDB8MHxwaG90by1wYWdlfHx8fGVufDB8fHx8fA%253D%253D&w=1200&q=75 1200w, /_next/image?url=https%3A%2F%2Fimages.unsplash.com%2Fphoto-1563026915-32eba3e315de%3Fq%3D80%26w%3D2531%26auto%3Dformat%26fit%3Dcrop%26ixlib%3Drb-4.0.3%26ixid%3DM3wxMjA3fDB8MHxwaG90by1wYWdlfHx8fGVufDB8fHx8fA%253D%253D&w=1920&q=75 1920w, /_next/image?url=https%3A%2F%2Fimages.unsplash.com%2Fphoto-1563026915-32eba3e315de%3Fq%3D80%26w%3D2531%26auto%3Dformat%26fit%3Dcrop%26ixlib%3Drb-4.0.3%26ixid%3DM3wxMjA3fDB8MHxwaG90by1wYWdlfHx8fGVufDB8fHx8fA%253D%253D&w=2048&q=75 2048w, /_next/image?url=https%3A%2F%2Fimages.unsplash.com%2Fphoto-1563026915-32eba3e315de%3Fq%3D80%26w%3D2531%26auto%3Dformat%26fit%3Dcrop%26ixlib%3Drb-4.0.3%26ixid%3DM3wxMjA3fDB8MHxwaG90by1wYWdlfHx8fGVufDB8fHx8fA%253D%253D&w=3840&q=75 3840w"
          style="position: absolute; height: 100%; width: 100%; left: 0px; top: 0px; right: 0px; bottom: 0px; object-fit: cover; color: transparent; background-size: cover; background-position: 50% 50%; background-repeat: no-repeat;"
        />
      </div>
      <div
        class="flex flex-col gap-1.5 ml-2.5 flex-1  my-3"
      >
        <h2
          aria-level="2"
          class="text-xs font-medium w-[223px] text-dark-100 text-ellipsis  undefined"
          role="heading"
        >
          The Privs museum close on 5AM
        </h2>
        <h3
          aria-level="3"
          class="text-md font-light 
            h-8 w-[223px] text-dark-75 text-wrap truncate text-ellipsis overflow-hidden
            text-p
            undefined"
          role="heading"
        >
          The Privs start close and maintain all of the wall
        </h3>
      </div>
    </div>
  </a>
</DocumentFragment>
`;
